// Jest Snapshot v1, https://goo.gl/fbAQLP

exports[`Toolbar renders a toolbar component 1`] = `
<div
  className="ui black pointing below label"
  style={
    Object {
      "position": "absolute",
    }
  }
>
  <div
    className="ui black buttons"
  >
    <div
      className="style-button"
    />
    <div
      className="style-button"
    />
    <div
      className="button"
    />
  </div>
</div>
`;

exports[`Toolbar renders an empty span when no selection is specified 1`] = `<span />`;
